current directory: C:/users/charlene/charadh.github.io/vendor/bundle/ruby/4.0.0/gems/json-3.0.2/ext/json/ext/parser
C:/Ruby40-x64/bin/ruby.exe extconf.rb
checking for rb_enc_interned_str() in ruby/encoding.h... yes
checking for rb_str_to_interned_str() in ruby.h... yes
checking for rb_hash_new_capa() in ruby.h... yes
checking for rb_hash_bulk_insert() in ruby.h... yes
checking for ruby_xfree_sized() in ruby.h... no
checking for x86intrin.h... yes
checking for _lzcnt_u64() in x86intrin.h... no
checking for intrin.h... yes
checking for __lzcnt64() in intrin.h... no
checking for _BitScanReverse64() in intrin.h... yes
checking for RUBY_TYPED_EMBEDDABLE in ruby.h... yes
checking for whether -std=c99 is accepted as CFLAGS... yes
checking for whether -mno-outline is accepted as CFLAGS... no
checking for x86intrin.h... yes
checking for cpuid.h... yes
creating Makefile

current directory: C:/users/charlene/charadh.github.io/vendor/bundle/ruby/4.0.0/gems/json-3.0.2/ext/json/ext/parser
make -j3 DESTDIR\= sitearchdir\=./.gem.20260916-55092-65lqs5 sitelibdir\=./.gem.20260916-55092-65lqs5 clean
make: warning: -j3 forced in submake: resetting jobserver mode.

current directory: C:/users/charlene/charadh.github.io/vendor/bundle/ruby/4.0.0/gems/json-3.0.2/ext/json/ext/parser
make -j3 DESTDIR\= sitearchdir\=./.gem.20260916-55092-65lqs5 sitelibdir\=./.gem.20260916-55092-65lqs5
make: warning: -j3 forced in submake: resetting jobserver mode.
generating parser-x64-mingw-ucrt.def
compiling parser.c
linking shared-object json/ext/parser.so

current directory: C:/users/charlene/charadh.github.io/vendor/bundle/ruby/4.0.0/gems/json-3.0.2/ext/json/ext/parser
make -j3 DESTDIR\= sitearchdir\=./.gem.20260916-55092-65lqs5 sitelibdir\=./.gem.20260916-55092-65lqs5 install
make: warning: -j3 forced in submake: resetting jobserver mode.
/usr/bin/install -c -m 0755 parser.so ./.gem.20260916-55092-65lqs5/json/ext

current directory: C:/users/charlene/charadh.github.io/vendor/bundle/ruby/4.0.0/gems/json-3.0.2/ext/json/ext/parser
make DESTDIR\= sitearchdir\=./.gem.20260916-55092-65lqs5 sitelibdir\=./.gem.20260916-55092-65lqs5 clean
make: warning: jobserver unavailable: using -j1.  Add '+' to parent make rule.
